
> panel@1.0.0 build /home/alexavers/projects/neversion/apps/panel
> ng build

- Building...

Initial chunk files   | Names                           |  Raw size | Estimated transfer size
styles-JDUR6AOW.css   | styles                          | 314.08 kB |                33.06 kB
chunk-6IYTU7BG.js     | -                               | 200.00 kB |                43.42 kB
chunk-V3LCFHKK.js     | -                               | 173.88 kB |                50.35 kB
chunk-IQC5HDQI.js     | -                               |  85.52 kB |                21.34 kB
scripts-SQ7W6IC7.js   | scripts                         |  78.53 kB |                21.12 kB
chunk-E4C5I7QA.js     | -                               |  40.99 kB |                 8.38 kB
polyfills-75CVY6KQ.js | polyfills                       |  33.71 kB |                11.02 kB
main-ZP3PFR7U.js      | main                            |  12.06 kB |                 3.97 kB
chunk-7BPZBP6K.js     | -                               | 675 bytes |               675 bytes

                      | Initial total                   | 939.42 kB |               193.31 kB

Lazy chunk files      | Names                           |  Raw size | Estimated transfer size
chunk-BD6CGFX7.js     | accounts-list-component         |  22.67 kB |                 6.31 kB
chunk-FBTDRT6F.js     | subscriptions-list-component    |  20.30 kB |                 5.54 kB
chunk-CNRRXZQ4.js     | services-list-component         |  12.91 kB |                 3.99 kB
chunk-IEBB2Z3Y.js     | clients-list-component          |  12.50 kB |                 3.78 kB
chunk-AGDGJOSH.js     | product-accounts-page-component |  11.30 kB |                 3.29 kB
chunk-BKKGES6W.js     | reservation-detail-component    |   9.32 kB |                 3.02 kB
chunk-SWCURDRX.js     | reservations-list-component     |   7.42 kB |                 2.58 kB
chunk-DACLLGV5.js     | dashboard-component             |   6.78 kB |                 2.12 kB
chunk-IYCINLNC.js     | main-layout-component           |   6.23 kB |                 1.95 kB
chunk-YCQZ6RGT.js     | orders-list-component           |   5.30 kB |                 2.02 kB
chunk-76XB7V65.js     | -                               |   1.82 kB |               754 bytes
chunk-4NIR6I4U.js     | -                               |   1.75 kB |               686 bytes
chunk-BLFUNS6N.js     | -                               |   1.63 kB |               612 bytes
chunk-HRXUZJ7A.js     | -                               |   1.53 kB |               600 bytes
chunk-446FMRYA.js     | -                               | 570 bytes |               570 bytes
...and 1 more lazy chunks files. Use "--verbose" to show all the files.

Output location: /home/alexavers/projects/neversion/apps/panel/dist/panel

Application bundle generation complete. [21.700 seconds]

▲ [WARNING] bundle initial exceeded maximum budget. Budget 500.00 kB was not met by 439.42 kB with a total of 939.42 kB.


▲ [WARNING] 1 rules skipped due to selector errors:
  .form-floating>~label -> Did not expect successive traversals.


