
> panel@1.0.0 build /home/alexavers/projects/neversion/apps/panel
> ng build

- Building...

Application bundle generation failed. [19.142 seconds]

✘ [ERROR] TS2354: This syntax requires an imported helper but module 'tslib' cannot be found. [plugin angular-compiler]

    ../../packages/api-client/src/api/subscriptions.service.ts:31:0:
      31 │ @Injectable({
         ╵ ~~~~~~~~~~~~~


✘ [ERROR] TS2307: Cannot find module '../../services/models/service.model' or its corresponding type declarations. [plugin angular-compiler]

    ../../packages/models/src/account.model.ts:2:32:
      2 │ import { ServiceResponse } from '../../services/models/service.model';
        ╵                                 ~~~~~~~~~~~~~~~~~~~~~~~~~~~~~~~~~~~~~


✘ [ERROR] TS2353: Object literal may only specify known properties, and 'password' does not exist in type 'AccountRequest'. [plugin angular-compiler]

    src/app/features/accounts/components/account-form/account-form.component.ts:132:8:
      132 │         password: formValue.password,
          ╵         ~~~~~~~~


✘ [ERROR] TS2322: Type 'string | undefined' is not assignable to type 'string | null'.
  Type 'undefined' is not assignable to type 'string | null'. [plugin angular-compiler]

    src/app/features/accounts/components/profile-list/profile-list.component.ts:56:4:
      56 │     this.selectedProfileId = profile.id;
         ╵     ~~~~~~~~~~~~~~~~~~~~~~


✘ [ERROR] NG5: Argument of type 'string | undefined' is not assignable to parameter of type 'string'.
  Type 'undefined' is not assignable to type 'string'. [plugin angular-compiler]

    src/app/features/accounts/pages/accounts-list/accounts-list.component.html:59:57:
      59 │                   [class.collapsed]="!isExpanded(account.id)"
         ╵                                                          ~~

  Error occurs in the template of component AccountsListComponent.

    src/app/features/accounts/pages/accounts-list/accounts-list.component.ts:16:15:
      16 │   templateUrl: './accounts-list.component.html',
         ╵                ~~~~~~~~~~~~~~~~~~~~~~~~~~~~~~~~


✘ [ERROR] NG5: Argument of type 'string | undefined' is not assignable to parameter of type 'string'.
  Type 'undefined' is not assignable to type 'string'. [plugin angular-compiler]

    src/app/features/accounts/pages/accounts-list/accounts-list.component.html:60:49:
      60 │                   (click)="toggleAccount(account.id)"
         ╵                                                  ~~

  Error occurs in the template of component AccountsListComponent.

    src/app/features/accounts/pages/accounts-list/accounts-list.component.ts:16:15:
      16 │   templateUrl: './accounts-list.component.html',
         ╵                ~~~~~~~~~~~~~~~~~~~~~~~~~~~~~~~~


✘ [ERROR] NG5: Argument of type 'string | undefined' is not assignable to parameter of type 'string'.
  Type 'undefined' is not assignable to type 'string'. [plugin angular-compiler]

    src/app/features/accounts/pages/accounts-list/accounts-list.component.html:61:59:
      61 │                   [attr.aria-expanded]="isExpanded(account.id)"
         ╵                                                            ~~

  Error occurs in the template of component AccountsListComponent.

    src/app/features/accounts/pages/accounts-list/accounts-list.component.ts:16:15:
      16 │   templateUrl: './accounts-list.component.html',
         ╵                ~~~~~~~~~~~~~~~~~~~~~~~~~~~~~~~~


✘ [ERROR] NG9: Property 'activeProfiles' does not exist on type 'AccountResponse'. [plugin angular-compiler]

    src/app/features/accounts/pages/accounts-list/accounts-list.component.html:66:35:
      66 │ ...            @if (account.activeProfiles === account.maxProfiles) {
         ╵                             ~~~~~~~~~~~~~~

  Error occurs in the template of component AccountsListComponent.

    src/app/features/accounts/pages/accounts-list/accounts-list.component.ts:16:15:
      16 │   templateUrl: './accounts-list.component.html',
         ╵                ~~~~~~~~~~~~~~~~~~~~~~~~~~~~~~~~


✘ [ERROR] NG9: Property 'maxProfiles' does not exist on type 'AccountResponse'. [plugin angular-compiler]

    src/app/features/accounts/pages/accounts-list/accounts-list.component.html:66:62:
      66 │ ...            @if (account.activeProfiles === account.maxProfiles) {
         ╵                                                        ~~~~~~~~~~~

  Error occurs in the template of component AccountsListComponent.

    src/app/features/accounts/pages/accounts-list/accounts-list.component.ts:16:15:
      16 │   templateUrl: './accounts-list.component.html',
         ╵                ~~~~~~~~~~~~~~~~~~~~~~~~~~~~~~~~


✘ [ERROR] NG9: Property 'activeProfiles' does not exist on type 'AccountResponse'. [plugin angular-compiler]

    src/app/features/accounts/pages/accounts-list/accounts-list.component.html:68:42:
      68 │                       } @else if (account.activeProfiles === 0) {
         ╵                                           ~~~~~~~~~~~~~~

  Error occurs in the template of component AccountsListComponent.

    src/app/features/accounts/pages/accounts-list/accounts-list.component.ts:16:15:
      16 │   templateUrl: './accounts-list.component.html',
         ╵                ~~~~~~~~~~~~~~~~~~~~~~~~~~~~~~~~


✘ [ERROR] NG9: Property 'activeProfiles' does not exist on type 'AccountResponse'. [plugin angular-compiler]

    src/app/features/accounts/pages/accounts-list/accounts-list.component.html:74:35:
      74 │ ...              {{ account.activeProfiles }}/{{ account.maxProfil...
         ╵                             ~~~~~~~~~~~~~~

  Error occurs in the template of component AccountsListComponent.

    src/app/features/accounts/pages/accounts-list/accounts-list.component.ts:16:15:
      16 │   templateUrl: './accounts-list.component.html',
         ╵                ~~~~~~~~~~~~~~~~~~~~~~~~~~~~~~~~


✘ [ERROR] NG9: Property 'maxProfiles' does not exist on type 'AccountResponse'. [plugin angular-compiler]

    src/app/features/accounts/pages/accounts-list/accounts-list.component.html:74:64:
      74 │ ...            {{ account.activeProfiles }}/{{ account.maxProfiles }}
         ╵                                                        ~~~~~~~~~~~

  Error occurs in the template of component AccountsListComponent.

    src/app/features/accounts/pages/accounts-list/accounts-list.component.ts:16:15:
      16 │   templateUrl: './accounts-list.component.html',
         ╵                ~~~~~~~~~~~~~~~~~~~~~~~~~~~~~~~~


✘ [ERROR] NG1: Property 'service' does not exist on type 'AccountResponse'. Did you mean 'serviceId'? [plugin angular-compiler]

    src/app/features/accounts/pages/accounts-list/accounts-list.component.html:84:35:
      84 │ ...                 {{ account.service?.name }} {{ account.plan ? ...
         ╵                                ~~~~~~~

  Error occurs in the template of component AccountsListComponent.

    src/app/features/accounts/pages/accounts-list/accounts-list.component.ts:16:15:
      16 │   templateUrl: './accounts-list.component.html',
         ╵                ~~~~~~~~~~~~~~~~~~~~~~~~~~~~~~~~


✘ [ERROR] NG5: Argument of type 'string | undefined' is not assignable to parameter of type 'string'.
  Type 'undefined' is not assignable to type 'string'. [plugin angular-compiler]

    src/app/features/accounts/pages/accounts-list/accounts-list.component.html:93:49:
      93 │                 [class.show]="isExpanded(account.id)"
         ╵                                                  ~~

  Error occurs in the template of component AccountsListComponent.

    src/app/features/accounts/pages/accounts-list/accounts-list.component.ts:16:15:
      16 │   templateUrl: './accounts-list.component.html',
         ╵                ~~~~~~~~~~~~~~~~~~~~~~~~~~~~~~~~


✘ [ERROR] NG2: Type 'string | undefined' is not assignable to type 'string'.
  Type 'undefined' is not assignable to type 'string'. [plugin angular-compiler]

    src/app/features/accounts/pages/accounts-list/accounts-list.component.html:101:41:
      101 │ ...        <app-profile-list [accountId]="account.id" [profiles]=...
          ╵                               ~~~~~~~~~

  Error occurs in the template of component AccountsListComponent.

    src/app/features/accounts/pages/accounts-list/accounts-list.component.ts:16:15:
      16 │   templateUrl: './accounts-list.component.html',
         ╵                ~~~~~~~~~~~~~~~~~~~~~~~~~~~~~~~~


✘ [ERROR] NG9: Property 'profiles' does not exist on type 'AccountResponse'. [plugin angular-compiler]

    src/app/features/accounts/pages/accounts-list/accounts-list.component.html:101:85:
      101 │ ...d]="account.id" [profiles]="account.profiles"></app-profile-list>
          ╵                                        ~~~~~~~~

  Error occurs in the template of component AccountsListComponent.

    src/app/features/accounts/pages/accounts-list/accounts-list.component.ts:16:15:
      16 │   templateUrl: './accounts-list.component.html',
         ╵                ~~~~~~~~~~~~~~~~~~~~~~~~~~~~~~~~


✘ [ERROR] NG1: Property 'service' does not exist on type 'AccountResponse'. Did you mean 'serviceId'? [plugin angular-compiler]

    src/app/features/accounts/pages/accounts-list/accounts-list.component.html:109:66:
      109 │ ...rvicio:</strong> {{ account.service?.name }} {{ account.plan ?...
          ╵                                ~~~~~~~

  Error occurs in the template of component AccountsListComponent.

    src/app/features/accounts/pages/accounts-list/accounts-list.component.ts:16:15:
      16 │   templateUrl: './accounts-list.component.html',
         ╵                ~~~~~~~~~~~~~~~~~~~~~~~~~~~~~~~~


✘ [ERROR] NG9: Property 'maxProfiles' does not exist on type 'AccountResponse'. [plugin angular-compiler]

    src/app/features/accounts/pages/accounts-list/accounts-list.component.html:110:79:
      110 │ ...les:</strong> {{ (account.maxProfiles || 0) - (account.activeP...
          ╵                              ~~~~~~~~~~~

  Error occurs in the template of component AccountsListComponent.

    src/app/features/accounts/pages/accounts-list/accounts-list.component.ts:16:15:
      16 │   templateUrl: './accounts-list.component.html',
         ╵                ~~~~~~~~~~~~~~~~~~~~~~~~~~~~~~~~


✘ [ERROR] NG9: Property 'activeProfiles' does not exist on type 'AccountResponse'. [plugin angular-compiler]

    src/app/features/accounts/pages/accounts-list/accounts-list.component.html:110:108:
      110 │ ...ofiles || 0) - (account.activeProfiles || 0) }}/{{ account.max...
          ╵                            ~~~~~~~~~~~~~~

  Error occurs in the template of component AccountsListComponent.

    src/app/features/accounts/pages/accounts-list/accounts-list.component.ts:16:15:
      16 │   templateUrl: './accounts-list.component.html',
         ╵                ~~~~~~~~~~~~~~~~~~~~~~~~~~~~~~~~


✘ [ERROR] NG9: Property 'maxProfiles' does not exist on type 'AccountResponse'. [plugin angular-compiler]

    src/app/features/accounts/pages/accounts-list/accounts-list.component.html:110:143:
      110 │ ...- (account.activeProfiles || 0) }}/{{ account.maxProfiles }}</li>
          ╵                                                  ~~~~~~~~~~~

  Error occurs in the template of component AccountsListComponent.

    src/app/features/accounts/pages/accounts-list/accounts-list.component.ts:16:15:
      16 │   templateUrl: './accounts-list.component.html',
         ╵                ~~~~~~~~~~~~~~~~~~~~~~~~~~~~~~~~


✘ [ERROR] TS2339: Property 'status' does not exist on type 'AccountResponse'. [plugin angular-compiler]

    src/app/features/accounts/pages/accounts-list/accounts-list.component.ts:37:38:
      37 │         result = result.filter(a => a.status === 'AVAILABLE');
         ╵                                       ~~~~~~


✘ [ERROR] TS2339: Property 'status' does not exist on type 'AccountResponse'. [plugin angular-compiler]

    src/app/features/accounts/pages/accounts-list/accounts-list.component.ts:39:38:
      39 │ ...  result = result.filter(a => a.status === 'ASSIGNED'); // Or full
         ╵                                    ~~~~~~


✘ [ERROR] TS2345: Argument of type 'string | undefined' is not assignable to parameter of type 'string'.
  Type 'undefined' is not assignable to type 'string'. [plugin angular-compiler]

    src/app/features/accounts/pages/accounts-list/accounts-list.component.ts:98:45:
      98 │       this.accountsService.deactivateAccount(account.id).subscribe({
         ╵                                              ~~~~~~~~~~


✘ [ERROR] TS2322: Type 'string | undefined' is not assignable to type 'string'.
  Type 'undefined' is not assignable to type 'string'. [plugin angular-compiler]

    src/app/features/accounts/pages/accounts-list/accounts-list.component.ts:137:4:
      137 │     return account.id;
          ╵     ~~~~~~


✘ [ERROR] TS2322: Type 'string | undefined' is not assignable to type 'string | null'. [plugin angular-compiler]

    src/app/features/clients/components/client-form/client-form.component.ts:58:6:
      58 │       this.selectedClientId = clientToEdit.id;
         ╵       ~~~~~~~~~~~~~~~~~~~~~


✘ [ERROR] TS2345: Argument of type 'string | undefined' is not assignable to parameter of type 'string'.
  Type 'undefined' is not assignable to type 'string'. [plugin angular-compiler]

    src/app/features/clients/pages/clients-list/clients-list.component.ts:67:39:
      67 │       this.clientsService.deleteClient(client.id).subscribe({
         ╵                                        ~~~~~~~~~


✘ [ERROR] TS2322: Type 'string | undefined' is not assignable to type 'string'.
  Type 'undefined' is not assignable to type 'string'. [plugin angular-compiler]

    src/app/features/clients/pages/clients-list/clients-list.component.ts:93:4:
      93 │     return client.id;
         ╵     ~~~~~~


✘ [ERROR] NG2: Object is possibly 'undefined'. [plugin angular-compiler]

    src/app/features/orders/pages/orders-list/orders-list.component.html:51:83:
      51 │ ... class="text-muted small">{{ order.id.substring(0, 8) }}...</code>
         ╵                                          ~~~~~~~~~

  Error occurs in the template of component OrdersListComponent.

    src/app/features/orders/pages/orders-list/orders-list.component.ts:13:15:
      13 │   templateUrl: './orders-list.component.html',
         ╵                ~~~~~~~~~~~~~~~~~~~~~~~~~~~~~~


✘ [ERROR] NG2: Object is possibly 'undefined'. [plugin angular-compiler]

    src/app/features/orders/pages/orders-list/orders-list.component.html:54:94:
      54 │ ...t-muted small">{{ order.reservationId.substring(0, 8) }}...</code>
         ╵                                          ~~~~~~~~~

  Error occurs in the template of component OrdersListComponent.

    src/app/features/orders/pages/orders-list/orders-list.component.ts:13:15:
      13 │   templateUrl: './orders-list.component.html',
         ╵                ~~~~~~~~~~~~~~~~~~~~~~~~~~~~~~


✘ [ERROR] NG5: Argument of type 'StatusEnum | undefined' is not assignable to parameter of type 'OrderStatus'.
  Type 'undefined' is not assignable to type 'OrderStatus'. [plugin angular-compiler]

    src/app/features/orders/pages/orders-list/orders-list.component.html:57:97:
      57 │ ...<span class="badge" [ngClass]="getStatusBadgeClass(order.status)">
         ╵                                                             ~~~~~~

  Error occurs in the template of component OrdersListComponent.

    src/app/features/orders/pages/orders-list/orders-list.component.ts:13:15:
      13 │   templateUrl: './orders-list.component.html',
         ╵                ~~~~~~~~~~~~~~~~~~~~~~~~~~~~~~


✘ [ERROR] TS18048: 'o.id' is possibly 'undefined'. [plugin angular-compiler]

    src/app/features/orders/pages/orders-list/orders-list.component.ts:33:6:
      33 │       o.id.toLowerCase().includes(term) ||
         ╵       ~~~~


✘ [ERROR] TS18048: 'o.reservationId' is possibly 'undefined'. [plugin angular-compiler]

    src/app/features/orders/pages/orders-list/orders-list.component.ts:34:6:
      34 │       o.reservationId.toLowerCase().includes(term)
         ╵       ~~~~~~~~~~~~~~~


✘ [ERROR] TS2345: Argument of type 'string | undefined' is not assignable to parameter of type 'string'.
  Type 'undefined' is not assignable to type 'string'. [plugin angular-compiler]

    src/app/features/reservations/pages/reservation-detail/reservation-detail.component.ts:60:49:
      60 │ ...sService.validateReservation(res.id, this.validationNotes()).su...
         ╵                                 ~~~~~~


✘ [ERROR] TS2345: Argument of type 'string | undefined' is not assignable to parameter of type 'string'.
  Type 'undefined' is not assignable to type 'string'. [plugin angular-compiler]

    src/app/features/reservations/pages/reservation-detail/reservation-detail.component.ts:63:29:
      63 │         this.loadReservation(res.id);
         ╵                              ~~~~~~


✘ [ERROR] TS2345: Argument of type 'string | undefined' is not assignable to parameter of type 'string'.
  Type 'undefined' is not assignable to type 'string'. [plugin angular-compiler]

    src/app/features/reservations/pages/reservation-detail/reservation-detail.component.ts:79:49:
      79 │       this.reservationsService.cancelReservation(res.id).subscribe({
         ╵                                                  ~~~~~~


✘ [ERROR] TS2345: Argument of type 'string | undefined' is not assignable to parameter of type 'string'.
  Type 'undefined' is not assignable to type 'string'. [plugin angular-compiler]

    src/app/features/reservations/pages/reservation-detail/reservation-detail.component.ts:82:31:
      82 │           this.loadReservation(res.id);
         ╵                                ~~~~~~


✘ [ERROR] TS2345: Argument of type 'string | undefined' is not assignable to parameter of type 'string'.
  Type 'undefined' is not assignable to type 'string'. [plugin angular-compiler]

    src/app/features/reservations/pages/reservation-detail/reservation-detail.component.ts:93:42:
      93 │ ...his.reservationsService.attachClient(res.id, clientId).subscribe({
         ╵                                         ~~~~~~


✘ [ERROR] TS2345: Argument of type 'string | undefined' is not assignable to parameter of type 'string'.
  Type 'undefined' is not assignable to type 'string'. [plugin angular-compiler]

    src/app/features/reservations/pages/reservation-detail/reservation-detail.component.ts:96:29:
      96 │         this.loadReservation(res.id);
         ╵                              ~~~~~~


✘ [ERROR] NG2: Object is possibly 'undefined'. [plugin angular-compiler]

    src/app/features/reservations/pages/reservations-list/reservations-list.component.html:69:98:
      69 │ ...t-primary fw-bold small">{{ reserv.id.substring(0, 8) }}...</code>
         ╵                                          ~~~~~~~~~

  Error occurs in the template of component ReservationsListComponent.

    src/app/features/reservations/pages/reservations-list/reservations-list.component.ts:14:15:
      14 │   templateUrl: './reservations-list.component.html',
         ╵                ~~~~~~~~~~~~~~~~~~~~~~~~~~~~~~~~~~~~


✘ [ERROR] NG5: Argument of type 'StatusEnum | undefined' is not assignable to parameter of type 'ReservationStatus'.
  Type 'undefined' is not assignable to type 'ReservationStatus'. [plugin angular-compiler]

    src/app/features/reservations/pages/reservations-list/reservations-list.component.html:80:98:
      80 │ ...span class="badge" [ngClass]="getStatusBadgeClass(reserv.status)">
         ╵                                                             ~~~~~~

  Error occurs in the template of component ReservationsListComponent.

    src/app/features/reservations/pages/reservations-list/reservations-list.component.ts:14:15:
      14 │   templateUrl: './reservations-list.component.html',
         ╵                ~~~~~~~~~~~~~~~~~~~~~~~~~~~~~~~~~~~~


✘ [ERROR] TS18048: 'r.id' is possibly 'undefined'. [plugin angular-compiler]

    src/app/features/reservations/pages/reservations-list/reservations-list.component.ts:40:8:
      40 │         r.id.toLowerCase().includes(term) ||
         ╵         ~~~~


✘ [ERROR] TS2345: Argument of type 'string | undefined' is not assignable to parameter of type 'string'.
  Type 'undefined' is not assignable to type 'string'. [plugin angular-compiler]

    src/app/features/reservations/pages/reservations-list/reservations-list.component.ts:71:49:
      71 │ ....reservationsService.cancelReservation(reservation.id).subscribe({
         ╵                                           ~~~~~~~~~~~~~~


✘ [ERROR] TS2322: Type '{ description: any; imageUrl: any; category: any; }' is not assignable to type 'string'. [plugin angular-compiler]

    src/app/features/services/components/service-form/service-form.component.ts:98:8:
      98 │         details: {
         ╵         ~~~~~~~

  The expected type comes from property 'details' which is declared here on type 'ServiceRequest'

    ../../packages/api-client/src/model/serviceRequest.ts:15:4:
      15 │     details?: string;
         ╵     ~~~~~~~


✘ [ERROR] NG9: Property 'imageUrl' does not exist on type 'string'. [plugin angular-compiler]

    src/app/features/services/components/services-table/services-table.component.html:18:38:
      18 │                 @if (service.details?.imageUrl) {
         ╵                                       ~~~~~~~~

  Error occurs in the template of component ServicesTableComponent.

    src/app/features/services/components/services-table/services-table.component.ts:9:15:
      9 │   templateUrl: './services-table.component.html',
        ╵                ~~~~~~~~~~~~~~~~~~~~~~~~~~~~~~~~~


✘ [ERROR] NG9: Property 'imageUrl' does not exist on type 'string'. [plugin angular-compiler]

    src/app/features/services/components/services-table/services-table.component.html:19:47:
      19 │ ...img [src]="service.details?.imageUrl" alt="{{service.name}}" cl...
         ╵                                ~~~~~~~~

  Error occurs in the template of component ServicesTableComponent.

    src/app/features/services/components/services-table/services-table.component.ts:9:15:
      9 │   templateUrl: './services-table.component.html',
        ╵                ~~~~~~~~~~~~~~~~~~~~~~~~~~~~~~~~~


✘ [ERROR] NG9: Property 'description' does not exist on type 'string'. [plugin angular-compiler]

    src/app/features/services/components/services-table/services-table.component.html:28:106:
      28 │ ...0px;">{{ service.details?.description || 'Sin descripción' }}<...
         ╵                              ~~~~~~~~~~~

  Error occurs in the template of component ServicesTableComponent.

    src/app/features/services/components/services-table/services-table.component.ts:9:15:
      9 │   templateUrl: './services-table.component.html',
        ╵                ~~~~~~~~~~~~~~~~~~~~~~~~~~~~~~~~~


✘ [ERROR] NG9: Property 'category' does not exist on type 'string'. [plugin angular-compiler]

    src/app/features/services/components/services-table/services-table.component.html:36:68:
      36 │ ...      [ngClass]="getCategoryBadgeClass(service.details?.category)"
         ╵                                                            ~~~~~~~~

  Error occurs in the template of component ServicesTableComponent.

    src/app/features/services/components/services-table/services-table.component.ts:9:15:
      9 │   templateUrl: './services-table.component.html',
        ╵                ~~~~~~~~~~~~~~~~~~~~~~~~~~~~~~~~~


✘ [ERROR] NG9: Property 'category' does not exist on type 'string'. [plugin angular-compiler]

    src/app/features/services/components/services-table/services-table.component.html:37:68:
      37 │ ...     [ngStyle]="getCategoryBadgeStyle(service.details?.category)">
         ╵                                                           ~~~~~~~~

  Error occurs in the template of component ServicesTableComponent.

    src/app/features/services/components/services-table/services-table.component.ts:9:15:
      9 │   templateUrl: './services-table.component.html',
        ╵                ~~~~~~~~~~~~~~~~~~~~~~~~~~~~~~~~~


✘ [ERROR] NG9: Property 'category' does not exist on type 'string'. [plugin angular-compiler]

    src/app/features/services/components/services-table/services-table.component.html:38:34:
      38 │               {{ service.details?.category }}
         ╵                                   ~~~~~~~~

  Error occurs in the template of component ServicesTableComponent.

    src/app/features/services/components/services-table/services-table.component.ts:9:15:
      9 │   templateUrl: './services-table.component.html',
        ╵                ~~~~~~~~~~~~~~~~~~~~~~~~~~~~~~~~~


✘ [ERROR] NG1: Property 'service' does not exist on type 'AccountResponse'. Did you mean 'serviceId'? [plugin angular-compiler]

    src/app/features/subscriptions/components/subscription-form/subscription-form.component.html:87:54:
      87 │ ...                 {{ account.email }} ({{ account.service?.name }})
         ╵                                                     ~~~~~~~

  Error occurs in the template of component SubscriptionFormComponent.

    src/app/features/subscriptions/components/subscription-form/subscription-form.component.ts:29:15:
      29 │   templateUrl: './subscription-form.component.html',
         ╵                ~~~~~~~~~~~~~~~~~~~~~~~~~~~~~~~~~~~~


✘ [ERROR] NG9: Property 'password' does not exist on type 'AccountResponse'. [plugin angular-compiler]

    src/app/features/subscriptions/components/subscription-form/subscription-form.component.html:161:58:
      161 │ ...      <li>Clave: <code>{{ selectedAccount.password }}</code></li>
          ╵                                              ~~~~~~~~

  Error occurs in the template of component SubscriptionFormComponent.

    src/app/features/subscriptions/components/subscription-form/subscription-form.component.ts:29:15:
      29 │   templateUrl: './subscription-form.component.html',
         ╵                ~~~~~~~~~~~~~~~~~~~~~~~~~~~~~~~~~~~~


✘ [ERROR] TS18048: 'c.name' is possibly 'undefined'. [plugin angular-compiler]

    src/app/features/subscriptions/components/subscription-form/subscription-form.component.ts:93:6:
      93 │       c.name.toLowerCase().includes(lowerTerm) ||
         ╵       ~~~~~~


✘ [ERROR] TS2339: Property 'status' does not exist on type 'AccountResponse'. [plugin angular-compiler]

    src/app/features/subscriptions/components/subscription-form/subscription-form.component.ts:126:47:
      126 │ ...    this.accounts = accounts.filter(a => a.status !== 'EXPIRED');
          ╵                                               ~~~~~~


✘ [ERROR] TS2339: Property 'profiles' does not exist on type 'AccountResponse'. [plugin angular-compiler]

    src/app/features/subscriptions/components/subscription-form/subscription-form.component.ts:145:45:
      145 │       if (selectedAccount && selectedAccount.profiles) {
          ╵                                              ~~~~~~~~


✘ [ERROR] TS2339: Property 'profiles' does not exist on type 'AccountResponse'. [plugin angular-compiler]

    src/app/features/subscriptions/components/subscription-form/subscription-form.component.ts:147:40:
      147 │         this.profiles = selectedAccount.profiles;
          ╵                                         ~~~~~~~~


✘ [ERROR] TS2353: Object literal may only specify known properties, and 'price' does not exist in type 'CreateSubscriptionRequest'. [plugin angular-compiler]

    src/app/features/subscriptions/components/subscription-form/subscription-form.component.ts:208:8:
      208 │         price: formValue.price,
          ╵         ~~~~~


✘ [ERROR] NG9: Property 'purchaseDate' does not exist on type 'SubscriptionResponse'. [plugin angular-compiler]

    src/app/features/subscriptions/pages/subscriptions-list/subscriptions-list.component.html:73:29:
      73 │                   <td>{{ sub.purchaseDate }}</td>
         ╵                              ~~~~~~~~~~~~

  Error occurs in the template of component SubscriptionsListComponent.

    src/app/features/subscriptions/pages/subscriptions-list/subscriptions-list.component.ts:15:15:
      15 │   templateUrl: './subscriptions-list.component.html',
         ╵                ~~~~~~~~~~~~~~~~~~~~~~~~~~~~~~~~~~~~~


✘ [ERROR] NG5: Argument of type 'string | undefined' is not assignable to parameter of type 'string'.
  Type 'undefined' is not assignable to type 'string'. [plugin angular-compiler]

    src/app/features/subscriptions/pages/subscriptions-list/subscriptions-list.component.html:76:70:
      76 │ ...       <span class="badge" [ngClass]="getStatusClass(sub.status)">
         ╵                                                             ~~~~~~

  Error occurs in the template of component SubscriptionsListComponent.

    src/app/features/subscriptions/pages/subscriptions-list/subscriptions-list.component.ts:15:15:
      15 │   templateUrl: './subscriptions-list.component.html',
         ╵                ~~~~~~~~~~~~~~~~~~~~~~~~~~~~~~~~~~~~~


✘ [ERROR] NG5: Argument of type 'string | undefined' is not assignable to parameter of type 'string'. [plugin angular-compiler]

    src/app/features/subscriptions/pages/subscriptions-list/subscriptions-list.component.html:77:44:
      77 │                       {{ getStatusLabel(sub.status) }}
         ╵                                             ~~~~~~

  Error occurs in the template of component SubscriptionsListComponent.

    src/app/features/subscriptions/pages/subscriptions-list/subscriptions-list.component.ts:15:15:
      15 │   templateUrl: './subscriptions-list.component.html',
         ╵                ~~~~~~~~~~~~~~~~~~~~~~~~~~~~~~~~~~~~~


✘ [ERROR] TS2345: Argument of type 'string | undefined' is not assignable to parameter of type 'string'.
  Type 'undefined' is not assignable to type 'string'. [plugin angular-compiler]

    src/app/features/subscriptions/pages/subscriptions-list/subscriptions-list.component.ts:88:51:
      88 │ ...bscriptionsService.cancelSubscription(subscription.id).subscribe({
         ╵                                          ~~~~~~~~~~~~~~~


✘ [ERROR] TS18048: 'subscription.id' is possibly 'undefined'. [plugin angular-compiler]

    src/app/features/subscriptions/pages/subscriptions-list/subscriptions-list.component.ts:99:63:
      99 │ ... suspender la suscripción ${subscription.id.slice(0, 8)}...?`)) {
         ╵                              ~~~~~~~~~~~~~~~


✘ [ERROR] TS2345: Argument of type 'string | undefined' is not assignable to parameter of type 'string'.
  Type 'undefined' is not assignable to type 'string'. [plugin angular-compiler]

    src/app/features/subscriptions/pages/subscriptions-list/subscriptions-list.component.ts:100:52:
      100 │ ...criptionsService.suspendSubscription(subscription.id).subscribe({
          ╵                                         ~~~~~~~~~~~~~~~


✘ [ERROR] TS2322: Type 'string | undefined' is not assignable to type 'string'.
  Type 'undefined' is not assignable to type 'string'. [plugin angular-compiler]

    src/app/features/subscriptions/pages/subscriptions-list/subscriptions-list.component.ts:147:4:
      147 │     return subscription.id;
          ╵     ~~~~~~


/home/alexavers/projects/neversion/apps/panel:
 ERR_PNPM_RECURSIVE_RUN_FIRST_FAIL  panel@1.0.0 build: `ng build`
Exit status 1
